// Jest Snapshot v1, https://goo.gl/fbAQLP

exports[`Search Snapshot should render view correctly 1`] = `
<div
  className="container"
>
  <h1>
    <span>
      Etsi tapahtumia
    </span>
  </h1>
  <p>
    <span>
      Katsele kaikkia Linked Eventsin tapahtumia.
    </span>
  </p>
  <form
    className="row search-bar"
    onSubmit={[Function]}
  >
    <div
      className="col-sm-2 time-label"
    >
      <label>
        <span>
          Etsi vain ajalta
        </span>
      </label>
    </div>
    <div
      className="col-xs-8 col-sm-5 col-md-3 start-date"
    >
      <div
        className="hel-text-field"
      >
        <div
          className="react-datepicker-wrapper"
        >
          <div
            className="react-datepicker__input-container"
          >
            <input
              autoComplete={undefined}
              autoFocus={undefined}
              className=""
              disabled={false}
              id={undefined}
              name="startDate"
              onBlur={[Function]}
              onChange={[Function]}
              onClick={[Function]}
              onFocus={[Function]}
              onKeyDown={[Function]}
              placeholder="pp.kk.vvvv"
              readOnly={false}
              required={undefined}
              tabIndex={undefined}
              title={undefined}
              type="text"
              value=""
            />
          </div>
        </div>
      </div>
    </div>
    <div
      className="col-xs-8 col-sm-5 col-md-3"
    >
      <div
        className="hel-text-field"
      >
        <div
          className="react-datepicker-wrapper"
        >
          <div
            className="react-datepicker__input-container"
          >
            <input
              autoComplete={undefined}
              autoFocus={undefined}
              className=""
              disabled={false}
              id={undefined}
              name="endDate"
              onBlur={[Function]}
              onChange={[Function]}
              onClick={[Function]}
              onFocus={[Function]}
              onKeyDown={[Function]}
              placeholder="pp.kk.vvvv"
              readOnly={false}
              required={undefined}
              tabIndex={undefined}
              title={undefined}
              type="text"
              value=""
            />
          </div>
        </div>
      </div>
    </div>
    <div
      className="col-sm-8 col-xs-12"
    >
      <div
        className="text-field"
      >
        <label
          className="control-label"
          htmlFor={undefined}
        >
          <span>
            Tapahtuman nimi tai paikka
          </span>
        </label>
        <input
          autoFocus={true}
          className="form-control"
          id={undefined}
          onChange={[Function]}
          placeholder="Tapahtuman nimi tai paikka"
          type={undefined}
        />
      </div>
    </div>
    <div
      className="col-sm-4 col-xs-12"
    >
      <button
        className="mui-raised-button btn btn-default"
        color="primary"
        disabled={false}
        onClick={[Function]}
        style={
          Object {
            "height": "72px",
          }
        }
        type="submit"
      >
        <span>
          Hae tapahtumia
        </span>
      </button>
    </div>
    <p />
  </form>
  <div
    className="loadedContent"
  >
    <div
      className="row event-grid"
    />
  </div>
</div>
`;
