// Jest Snapshot v1, https://goo.gl/fbAQLP

exports[`EventListing Snapshot should render view by default 1`] = `
<div
  className="container"
>
  <h1>
    <FormattedMessage
      id="events-management"
      values={Object {}}
    />
  </h1>
  <p>
    <FormattedMessage
      id="events-management-description"
      values={Object {}}
    />
  </p>
  <InjectIntl(EventTable)
    count={null}
    events={Array []}
    fetchComplete={true}
    handlePageChange={[Function]}
    handlePageSizeChange={[Function]}
    handleSortChange={[Function]}
    pageSize={25}
    paginationPage={0}
    sortBy="last_modified_time"
    sortDirection="desc"
    user={Object {}}
  />
</div>
`;

exports[`EventListing Snapshot should render view correctly 1`] = `
<div
  className="container"
>
  <h1>
    <span>
      Tapahtumien hallinta
    </span>
  </h1>
  <p>
    <span>
      Selaa ja muokkaa oman organisaatiosi julkisia tapahtumia sekä luonnoksia. Voit lisätä uuden tapahtuman yläpalkista.
    </span>
  </p>
  <strong>
    <span>
      Ei tapahtumia mitä näyttää.
    </span>
  </strong>
</div>
`;
